// Jest Snapshot v1, https://goo.gl/fbAQLP

exports[`Home screen 1`] = `
<div>
  <div
    className="Panel"
  >
    <h1>
      Check My Password
    </h1>
    <div
      className="PasswordForm"
    >
      <div
        className="TextField"
      >
        <input
          className="form-control"
          onChange={[Function]}
          placeholder="Type the password..."
          type="text"
          value=""
        />
      </div>
    </div>
  </div>
</div>
`;
